------------------------------------------------------------
Timing Analyzer Summary
------------------------------------------------------------

Type  : Slow 1100mV 85C Model Setup 'MOUSE:inst5|MOUSE_CLK_FILTER'
Slack : -4.466
TNS   : -147.324

Type  : Slow 1100mV 85C Model Setup 'inst|altpll_component|auto_generated|generic_pll1~PLL_OUTPUT_COUNTER|divclk'
Slack : -3.373
TNS   : -17.544

Type  : Slow 1100mV 85C Model Setup 'VGA_SYNC:inst3|vert_sync_out'
Slack : -2.845
TNS   : -23.500

Type  : Slow 1100mV 85C Model Hold 'inst|altpll_component|auto_generated|generic_pll1~PLL_OUTPUT_COUNTER|divclk'
Slack : -0.004
TNS   : -0.004

Type  : Slow 1100mV 85C Model Hold 'MOUSE:inst5|MOUSE_CLK_FILTER'
Slack : 0.680
TNS   : 0.000

Type  : Slow 1100mV 85C Model Hold 'VGA_SYNC:inst3|vert_sync_out'
Slack : 0.733
TNS   : 0.000

Type  : Slow 1100mV 85C Model Recovery 'MOUSE:inst5|MOUSE_CLK_FILTER'
Slack : -3.197
TNS   : -51.042

Type  : Slow 1100mV 85C Model Removal 'MOUSE:inst5|MOUSE_CLK_FILTER'
Slack : 1.736
TNS   : 0.000

Type  : Slow 1100mV 85C Model Minimum Pulse Width 'MOUSE:inst5|MOUSE_CLK_FILTER'
Slack : -0.538
TNS   : -27.853

Type  : Slow 1100mV 85C Model Minimum Pulse Width 'VGA_SYNC:inst3|vert_sync_out'
Slack : -0.538
TNS   : -7.008

Type  : Slow 1100mV 85C Model Minimum Pulse Width 'inst|altpll_component|auto_generated|generic_pll1~FRACTIONAL_PLL|vcoph[0]'
Slack : 1.666
TNS   : 0.000

Type  : Slow 1100mV 85C Model Minimum Pulse Width 'CLOCK_50'
Slack : 9.949
TNS   : 0.000

Type  : Slow 1100mV 85C Model Minimum Pulse Width 'inst|altpll_component|auto_generated|generic_pll1~PLL_OUTPUT_COUNTER|divclk'
Slack : 19.262
TNS   : 0.000

Type  : Slow 1100mV 0C Model Setup 'MOUSE:inst5|MOUSE_CLK_FILTER'
Slack : -4.442
TNS   : -144.238

Type  : Slow 1100mV 0C Model Setup 'inst|altpll_component|auto_generated|generic_pll1~PLL_OUTPUT_COUNTER|divclk'
Slack : -3.372
TNS   : -16.511

Type  : Slow 1100mV 0C Model Setup 'VGA_SYNC:inst3|vert_sync_out'
Slack : -2.881
TNS   : -24.203

Type  : Slow 1100mV 0C Model Hold 'inst|altpll_component|auto_generated|generic_pll1~PLL_OUTPUT_COUNTER|divclk'
Slack : -0.072
TNS   : -0.080

Type  : Slow 1100mV 0C Model Hold 'MOUSE:inst5|MOUSE_CLK_FILTER'
Slack : 0.745
TNS   : 0.000

Type  : Slow 1100mV 0C Model Hold 'VGA_SYNC:inst3|vert_sync_out'
Slack : 0.747
TNS   : 0.000

Type  : Slow 1100mV 0C Model Recovery 'MOUSE:inst5|MOUSE_CLK_FILTER'
Slack : -3.137
TNS   : -50.063

Type  : Slow 1100mV 0C Model Removal 'MOUSE:inst5|MOUSE_CLK_FILTER'
Slack : 1.860
TNS   : 0.000

Type  : Slow 1100mV 0C Model Minimum Pulse Width 'MOUSE:inst5|MOUSE_CLK_FILTER'
Slack : -0.538
TNS   : -27.256

Type  : Slow 1100mV 0C Model Minimum Pulse Width 'VGA_SYNC:inst3|vert_sync_out'
Slack : -0.538
TNS   : -6.964

Type  : Slow 1100mV 0C Model Minimum Pulse Width 'inst|altpll_component|auto_generated|generic_pll1~FRACTIONAL_PLL|vcoph[0]'
Slack : 1.666
TNS   : 0.000

Type  : Slow 1100mV 0C Model Minimum Pulse Width 'CLOCK_50'
Slack : 9.980
TNS   : 0.000

Type  : Slow 1100mV 0C Model Minimum Pulse Width 'inst|altpll_component|auto_generated|generic_pll1~PLL_OUTPUT_COUNTER|divclk'
Slack : 19.176
TNS   : 0.000

Type  : Fast 1100mV 85C Model Setup 'inst|altpll_component|auto_generated|generic_pll1~PLL_OUTPUT_COUNTER|divclk'
Slack : -1.941
TNS   : -10.214

Type  : Fast 1100mV 85C Model Setup 'MOUSE:inst5|MOUSE_CLK_FILTER'
Slack : -1.832
TNS   : -53.974

Type  : Fast 1100mV 85C Model Setup 'VGA_SYNC:inst3|vert_sync_out'
Slack : -1.119
TNS   : -8.715

Type  : Fast 1100mV 85C Model Hold 'inst|altpll_component|auto_generated|generic_pll1~PLL_OUTPUT_COUNTER|divclk'
Slack : 0.015
TNS   : 0.000

Type  : Fast 1100mV 85C Model Hold 'MOUSE:inst5|MOUSE_CLK_FILTER'
Slack : 0.230
TNS   : 0.000

Type  : Fast 1100mV 85C Model Hold 'VGA_SYNC:inst3|vert_sync_out'
Slack : 0.375
TNS   : 0.000

Type  : Fast 1100mV 85C Model Recovery 'MOUSE:inst5|MOUSE_CLK_FILTER'
Slack : -1.087
TNS   : -17.341

Type  : Fast 1100mV 85C Model Removal 'MOUSE:inst5|MOUSE_CLK_FILTER'
Slack : 0.686
TNS   : 0.000

Type  : Fast 1100mV 85C Model Minimum Pulse Width 'MOUSE:inst5|MOUSE_CLK_FILTER'
Slack : 0.048
TNS   : 0.000

Type  : Fast 1100mV 85C Model Minimum Pulse Width 'VGA_SYNC:inst3|vert_sync_out'
Slack : 0.122
TNS   : 0.000

Type  : Fast 1100mV 85C Model Minimum Pulse Width 'inst|altpll_component|auto_generated|generic_pll1~FRACTIONAL_PLL|vcoph[0]'
Slack : 1.666
TNS   : 0.000

Type  : Fast 1100mV 85C Model Minimum Pulse Width 'CLOCK_50'
Slack : 9.643
TNS   : 0.000

Type  : Fast 1100mV 85C Model Minimum Pulse Width 'inst|altpll_component|auto_generated|generic_pll1~PLL_OUTPUT_COUNTER|divclk'
Slack : 19.549
TNS   : 0.000

Type  : Fast 1100mV 0C Model Setup 'MOUSE:inst5|MOUSE_CLK_FILTER'
Slack : -1.682
TNS   : -50.002

Type  : Fast 1100mV 0C Model Setup 'inst|altpll_component|auto_generated|generic_pll1~PLL_OUTPUT_COUNTER|divclk'
Slack : -1.660
TNS   : -8.564

Type  : Fast 1100mV 0C Model Setup 'VGA_SYNC:inst3|vert_sync_out'
Slack : -0.954
TNS   : -7.443

Type  : Fast 1100mV 0C Model Hold 'inst|altpll_component|auto_generated|generic_pll1~PLL_OUTPUT_COUNTER|divclk'
Slack : -0.039
TNS   : -0.074

Type  : Fast 1100mV 0C Model Hold 'MOUSE:inst5|MOUSE_CLK_FILTER'
Slack : 0.248
TNS   : 0.000

Type  : Fast 1100mV 0C Model Hold 'VGA_SYNC:inst3|vert_sync_out'
Slack : 0.374
TNS   : 0.000

Type  : Fast 1100mV 0C Model Recovery 'MOUSE:inst5|MOUSE_CLK_FILTER'
Slack : -1.015
TNS   : -16.210

Type  : Fast 1100mV 0C Model Removal 'MOUSE:inst5|MOUSE_CLK_FILTER'
Slack : 0.677
TNS   : 0.000

Type  : Fast 1100mV 0C Model Minimum Pulse Width 'MOUSE:inst5|MOUSE_CLK_FILTER'
Slack : 0.055
TNS   : 0.000

Type  : Fast 1100mV 0C Model Minimum Pulse Width 'VGA_SYNC:inst3|vert_sync_out'
Slack : 0.133
TNS   : 0.000

Type  : Fast 1100mV 0C Model Minimum Pulse Width 'inst|altpll_component|auto_generated|generic_pll1~FRACTIONAL_PLL|vcoph[0]'
Slack : 1.666
TNS   : 0.000

Type  : Fast 1100mV 0C Model Minimum Pulse Width 'CLOCK_50'
Slack : 9.632
TNS   : 0.000

Type  : Fast 1100mV 0C Model Minimum Pulse Width 'inst|altpll_component|auto_generated|generic_pll1~PLL_OUTPUT_COUNTER|divclk'
Slack : 19.542
TNS   : 0.000

------------------------------------------------------------
