------------------------------------------------------------
Timing Analyzer Summary
------------------------------------------------------------

Type  : Slow 1100mV 85C Model Setup 'inst|altpll_component|auto_generated|generic_pll1~PLL_OUTPUT_COUNTER|divclk'
Slack : -7.426
TNS   : -54.027

Type  : Slow 1100mV 85C Model Setup 'MOUSE:inst5|MOUSE_CLK_FILTER'
Slack : -4.505
TNS   : -364.514

Type  : Slow 1100mV 85C Model Setup 'VGA_SYNC:inst3|vert_sync_out'
Slack : -2.656
TNS   : -23.160

Type  : Slow 1100mV 85C Model Hold 'inst|altpll_component|auto_generated|generic_pll1~PLL_OUTPUT_COUNTER|divclk'
Slack : 0.238
TNS   : 0.000

Type  : Slow 1100mV 85C Model Hold 'MOUSE:inst5|MOUSE_CLK_FILTER'
Slack : 0.612
TNS   : 0.000

Type  : Slow 1100mV 85C Model Hold 'VGA_SYNC:inst3|vert_sync_out'
Slack : 0.744
TNS   : 0.000

Type  : Slow 1100mV 85C Model Recovery 'MOUSE:inst5|MOUSE_CLK_FILTER'
Slack : -2.812
TNS   : -44.899

Type  : Slow 1100mV 85C Model Removal 'MOUSE:inst5|MOUSE_CLK_FILTER'
Slack : 1.272
TNS   : 0.000

Type  : Slow 1100mV 85C Model Minimum Pulse Width 'MOUSE:inst5|MOUSE_CLK_FILTER'
Slack : -0.538
TNS   : -73.316

Type  : Slow 1100mV 85C Model Minimum Pulse Width 'VGA_SYNC:inst3|vert_sync_out'
Slack : -0.538
TNS   : -6.917

Type  : Slow 1100mV 85C Model Minimum Pulse Width 'inst|altpll_component|auto_generated|generic_pll1~FRACTIONAL_PLL|vcoph[0]'
Slack : 1.666
TNS   : 0.000

Type  : Slow 1100mV 85C Model Minimum Pulse Width 'CLOCK_50'
Slack : 9.949
TNS   : 0.000

Type  : Slow 1100mV 85C Model Minimum Pulse Width 'inst|altpll_component|auto_generated|generic_pll1~PLL_OUTPUT_COUNTER|divclk'
Slack : 18.646
TNS   : 0.000

Type  : Slow 1100mV 0C Model Setup 'inst|altpll_component|auto_generated|generic_pll1~PLL_OUTPUT_COUNTER|divclk'
Slack : -7.409
TNS   : -52.612

Type  : Slow 1100mV 0C Model Setup 'MOUSE:inst5|MOUSE_CLK_FILTER'
Slack : -4.311
TNS   : -351.436

Type  : Slow 1100mV 0C Model Setup 'VGA_SYNC:inst3|vert_sync_out'
Slack : -2.785
TNS   : -24.281

Type  : Slow 1100mV 0C Model Hold 'inst|altpll_component|auto_generated|generic_pll1~PLL_OUTPUT_COUNTER|divclk'
Slack : -0.004
TNS   : -0.004

Type  : Slow 1100mV 0C Model Hold 'MOUSE:inst5|MOUSE_CLK_FILTER'
Slack : 0.595
TNS   : 0.000

Type  : Slow 1100mV 0C Model Hold 'VGA_SYNC:inst3|vert_sync_out'
Slack : 0.780
TNS   : 0.000

Type  : Slow 1100mV 0C Model Recovery 'MOUSE:inst5|MOUSE_CLK_FILTER'
Slack : -2.807
TNS   : -44.820

Type  : Slow 1100mV 0C Model Removal 'MOUSE:inst5|MOUSE_CLK_FILTER'
Slack : 1.417
TNS   : 0.000

Type  : Slow 1100mV 0C Model Minimum Pulse Width 'MOUSE:inst5|MOUSE_CLK_FILTER'
Slack : -0.538
TNS   : -72.394

Type  : Slow 1100mV 0C Model Minimum Pulse Width 'VGA_SYNC:inst3|vert_sync_out'
Slack : -0.538
TNS   : -6.957

Type  : Slow 1100mV 0C Model Minimum Pulse Width 'inst|altpll_component|auto_generated|generic_pll1~FRACTIONAL_PLL|vcoph[0]'
Slack : 1.666
TNS   : 0.000

Type  : Slow 1100mV 0C Model Minimum Pulse Width 'CLOCK_50'
Slack : 9.980
TNS   : 0.000

Type  : Slow 1100mV 0C Model Minimum Pulse Width 'inst|altpll_component|auto_generated|generic_pll1~PLL_OUTPUT_COUNTER|divclk'
Slack : 18.592
TNS   : 0.000

Type  : Fast 1100mV 85C Model Setup 'inst|altpll_component|auto_generated|generic_pll1~PLL_OUTPUT_COUNTER|divclk'
Slack : -3.551
TNS   : -26.974

Type  : Fast 1100mV 85C Model Setup 'MOUSE:inst5|MOUSE_CLK_FILTER'
Slack : -1.942
TNS   : -150.142

Type  : Fast 1100mV 85C Model Setup 'VGA_SYNC:inst3|vert_sync_out'
Slack : -0.957
TNS   : -7.561

Type  : Fast 1100mV 85C Model Hold 'inst|altpll_component|auto_generated|generic_pll1~PLL_OUTPUT_COUNTER|divclk'
Slack : -0.092
TNS   : -0.237

Type  : Fast 1100mV 85C Model Hold 'MOUSE:inst5|MOUSE_CLK_FILTER'
Slack : 0.224
TNS   : 0.000

Type  : Fast 1100mV 85C Model Hold 'VGA_SYNC:inst3|vert_sync_out'
Slack : 0.514
TNS   : 0.000

Type  : Fast 1100mV 85C Model Recovery 'MOUSE:inst5|MOUSE_CLK_FILTER'
Slack : -1.074
TNS   : -17.154

Type  : Fast 1100mV 85C Model Removal 'MOUSE:inst5|MOUSE_CLK_FILTER'
Slack : 0.525
TNS   : 0.000

Type  : Fast 1100mV 85C Model Minimum Pulse Width 'MOUSE:inst5|MOUSE_CLK_FILTER'
Slack : -0.014
TNS   : -0.179

Type  : Fast 1100mV 85C Model Minimum Pulse Width 'VGA_SYNC:inst3|vert_sync_out'
Slack : 0.128
TNS   : 0.000

Type  : Fast 1100mV 85C Model Minimum Pulse Width 'inst|altpll_component|auto_generated|generic_pll1~FRACTIONAL_PLL|vcoph[0]'
Slack : 1.666
TNS   : 0.000

Type  : Fast 1100mV 85C Model Minimum Pulse Width 'CLOCK_50'
Slack : 9.643
TNS   : 0.000

Type  : Fast 1100mV 85C Model Minimum Pulse Width 'inst|altpll_component|auto_generated|generic_pll1~PLL_OUTPUT_COUNTER|divclk'
Slack : 18.901
TNS   : 0.000

Type  : Fast 1100mV 0C Model Setup 'inst|altpll_component|auto_generated|generic_pll1~PLL_OUTPUT_COUNTER|divclk'
Slack : -3.166
TNS   : -23.645

Type  : Fast 1100mV 0C Model Setup 'MOUSE:inst5|MOUSE_CLK_FILTER'
Slack : -1.800
TNS   : -140.659

Type  : Fast 1100mV 0C Model Setup 'VGA_SYNC:inst3|vert_sync_out'
Slack : -0.844
TNS   : -6.641

Type  : Fast 1100mV 0C Model Hold 'inst|altpll_component|auto_generated|generic_pll1~PLL_OUTPUT_COUNTER|divclk'
Slack : -0.181
TNS   : -0.527

Type  : Fast 1100mV 0C Model Hold 'MOUSE:inst5|MOUSE_CLK_FILTER'
Slack : 0.208
TNS   : 0.000

Type  : Fast 1100mV 0C Model Hold 'VGA_SYNC:inst3|vert_sync_out'
Slack : 0.477
TNS   : 0.000

Type  : Fast 1100mV 0C Model Recovery 'MOUSE:inst5|MOUSE_CLK_FILTER'
Slack : -1.042
TNS   : -16.641

Type  : Fast 1100mV 0C Model Removal 'MOUSE:inst5|MOUSE_CLK_FILTER'
Slack : 0.577
TNS   : 0.000

Type  : Fast 1100mV 0C Model Minimum Pulse Width 'MOUSE:inst5|MOUSE_CLK_FILTER'
Slack : 0.020
TNS   : 0.000

Type  : Fast 1100mV 0C Model Minimum Pulse Width 'VGA_SYNC:inst3|vert_sync_out'
Slack : 0.126
TNS   : 0.000

Type  : Fast 1100mV 0C Model Minimum Pulse Width 'inst|altpll_component|auto_generated|generic_pll1~FRACTIONAL_PLL|vcoph[0]'
Slack : 1.666
TNS   : 0.000

Type  : Fast 1100mV 0C Model Minimum Pulse Width 'CLOCK_50'
Slack : 9.632
TNS   : 0.000

Type  : Fast 1100mV 0C Model Minimum Pulse Width 'inst|altpll_component|auto_generated|generic_pll1~PLL_OUTPUT_COUNTER|divclk'
Slack : 18.902
TNS   : 0.000

------------------------------------------------------------
